Drill report for /home/pmonta/github/GNSS_Firehose/kicad/GNSS_Firehose.kicad_pcb
Created on Thu 06 Apr 2017 10:34:31 PM PDT

Copper Layer Stackup:
    =============================================================
    L1 :  F.Cu                      front
    L2 :  In1.Cu                    inner1
    L3 :  In2.Cu                    inner2
    L4 :  B.Cu                      back


Drill file 'GNSS_Firehose.drl' contains
    plated through holes:
    =============================================================
    T1  0.25mm  0.010"  (182 holes)
    T2  0.30mm  0.012"  (705 holes)
    T3  0.89mm  0.035"  (12 holes)
    T4  0.90mm  0.035"  (14 holes)
    T5  1.07mm  0.042"  (16 holes)
    T6  1.27mm  0.050"  (5 holes)
    T7  1.57mm  0.062"  (2 holes)
    T8  1.60mm  0.063"  (1 hole)
    T9  2.29mm  0.090"  (1 hole)
    T10  2.44mm  0.096"  (4 holes)
    T11  2.54mm  0.100"  (2 holes)
    T12  2.79mm  0.110"  (1 hole)
    T13  3.25mm  0.128"  (2 holes)

    Total plated holes count 947


Drill file 'GNSS_Firehose-NPTH.drl' contains
    unplated through holes:
    =============================================================

    Total unplated holes count 0
